Archive member included to satisfy reference by file (symbol)

C:\Users\Matthew\Desktop\Fall\Embedded\nucleo-l152re_hal_lib\Debug\libnucleo-l152re_hal_lib.a(stm32l1xx_hal.o)
                              src/stm32l1xx_it.o (HAL_IncTick)
C:\Users\Matthew\Desktop\Fall\Embedded\nucleo-l152re_hal_lib\Debug\libnucleo-l152re_hal_lib.a(stm32l1xx_hal_cortex.o)
                              C:\Users\Matthew\Desktop\Fall\Embedded\nucleo-l152re_hal_lib\Debug\libnucleo-l152re_hal_lib.a(stm32l1xx_hal.o) (HAL_NVIC_SetPriorityGrouping)
C:\Users\Matthew\Desktop\Fall\Embedded\nucleo-l152re_hal_lib\Debug\libnucleo-l152re_hal_lib.a(stm32l1xx_ll_utils.o)
                              src/clock.o (LL_Init1msTick)
c:/ac6/systemworkbench/plugins/fr.ac6.mcu.externaltools.arm-none.win32_1.15.0.201708311556/tools/compiler/bin/../lib/gcc/arm-none-eabi/6.3.1/../../../../arm-none-eabi/lib/thumb/v7-m\libc.a(lib_a-errno.o)
                              src/syscalls.o (__errno)
c:/ac6/systemworkbench/plugins/fr.ac6.mcu.externaltools.arm-none.win32_1.15.0.201708311556/tools/compiler/bin/../lib/gcc/arm-none-eabi/6.3.1/../../../../arm-none-eabi/lib/thumb/v7-m\libc.a(lib_a-exit.o)
                              c:/ac6/systemworkbench/plugins/fr.ac6.mcu.externaltools.arm-none.win32_1.15.0.201708311556/tools/compiler/bin/../lib/gcc/arm-none-eabi/6.3.1/../../../../arm-none-eabi/lib/thumb/v7-m/crt0.o (exit)
c:/ac6/systemworkbench/plugins/fr.ac6.mcu.externaltools.arm-none.win32_1.15.0.201708311556/tools/compiler/bin/../lib/gcc/arm-none-eabi/6.3.1/../../../../arm-none-eabi/lib/thumb/v7-m\libc.a(lib_a-impure.o)
                              c:/ac6/systemworkbench/plugins/fr.ac6.mcu.externaltools.arm-none.win32_1.15.0.201708311556/tools/compiler/bin/../lib/gcc/arm-none-eabi/6.3.1/../../../../arm-none-eabi/lib/thumb/v7-m\libc.a(lib_a-exit.o) (_global_impure_ptr)
c:/ac6/systemworkbench/plugins/fr.ac6.mcu.externaltools.arm-none.win32_1.15.0.201708311556/tools/compiler/bin/../lib/gcc/arm-none-eabi/6.3.1/../../../../arm-none-eabi/lib/thumb/v7-m\libc.a(lib_a-init.o)
                              c:/ac6/systemworkbench/plugins/fr.ac6.mcu.externaltools.arm-none.win32_1.15.0.201708311556/tools/compiler/bin/../lib/gcc/arm-none-eabi/6.3.1/../../../../arm-none-eabi/lib/thumb/v7-m/crt0.o (__libc_init_array)
c:/ac6/systemworkbench/plugins/fr.ac6.mcu.externaltools.arm-none.win32_1.15.0.201708311556/tools/compiler/bin/../lib/gcc/arm-none-eabi/6.3.1/../../../../arm-none-eabi/lib/thumb/v7-m\libc.a(lib_a-locale.o)
                              src/cmd.o (__locale_ctype_ptr)
c:/ac6/systemworkbench/plugins/fr.ac6.mcu.externaltools.arm-none.win32_1.15.0.201708311556/tools/compiler/bin/../lib/gcc/arm-none-eabi/6.3.1/../../../../arm-none-eabi/lib/thumb/v7-m\libc.a(lib_a-mbtowc_r.o)
                              c:/ac6/systemworkbench/plugins/fr.ac6.mcu.externaltools.arm-none.win32_1.15.0.201708311556/tools/compiler/bin/../lib/gcc/arm-none-eabi/6.3.1/../../../../arm-none-eabi/lib/thumb/v7-m\libc.a(lib_a-locale.o) (__ascii_mbtowc)
c:/ac6/systemworkbench/plugins/fr.ac6.mcu.externaltools.arm-none.win32_1.15.0.201708311556/tools/compiler/bin/../lib/gcc/arm-none-eabi/6.3.1/../../../../arm-none-eabi/lib/thumb/v7-m\libc.a(lib_a-memset.o)
                              c:/ac6/systemworkbench/plugins/fr.ac6.mcu.externaltools.arm-none.win32_1.15.0.201708311556/tools/compiler/bin/../lib/gcc/arm-none-eabi/6.3.1/../../../../arm-none-eabi/lib/thumb/v7-m/crt0.o (memset)
c:/ac6/systemworkbench/plugins/fr.ac6.mcu.externaltools.arm-none.win32_1.15.0.201708311556/tools/compiler/bin/../lib/gcc/arm-none-eabi/6.3.1/../../../../arm-none-eabi/lib/thumb/v7-m\libc.a(lib_a-strcmp.o)
                              c:/ac6/systemworkbench/plugins/fr.ac6.mcu.externaltools.arm-none.win32_1.15.0.201708311556/tools/compiler/bin/../lib/gcc/arm-none-eabi/6.3.1/../../../../arm-none-eabi/lib/thumb/v7-m\libc.a(lib_a-locale.o) (strcmp)
c:/ac6/systemworkbench/plugins/fr.ac6.mcu.externaltools.arm-none.win32_1.15.0.201708311556/tools/compiler/bin/../lib/gcc/arm-none-eabi/6.3.1/../../../../arm-none-eabi/lib/thumb/v7-m\libc.a(lib_a-wctomb_r.o)
                              c:/ac6/systemworkbench/plugins/fr.ac6.mcu.externaltools.arm-none.win32_1.15.0.201708311556/tools/compiler/bin/../lib/gcc/arm-none-eabi/6.3.1/../../../../arm-none-eabi/lib/thumb/v7-m\libc.a(lib_a-locale.o) (__ascii_wctomb)
c:/ac6/systemworkbench/plugins/fr.ac6.mcu.externaltools.arm-none.win32_1.15.0.201708311556/tools/compiler/bin/../lib/gcc/arm-none-eabi/6.3.1/../../../../arm-none-eabi/lib/thumb/v7-m\libc.a(lib_a-__call_atexit.o)
                              c:/ac6/systemworkbench/plugins/fr.ac6.mcu.externaltools.arm-none.win32_1.15.0.201708311556/tools/compiler/bin/../lib/gcc/arm-none-eabi/6.3.1/../../../../arm-none-eabi/lib/thumb/v7-m\libc.a(lib_a-exit.o) (__call_exitprocs)
[...]
Memory Configuration

Name             Origin             Length             Attributes
FLASH            0x08000000         0x00080000         xr
RAM              0x20000000         0x00014000         xrw
MEMORY_B1        0x60000000         0x00000000         xr
*default*        0x00000000         0xffffffff

Linker script and memory map

LOAD c:/ac6/systemworkbench/plugins/fr.ac6.mcu.externaltools.arm-none.win32_1.15.0.201708311556/tools/compiler/bin/../lib/gcc/arm-none-eabi/6.3.1/thumb/v7-m/crti.o
LOAD c:/ac6/systemworkbench/plugins/fr.ac6.mcu.externaltools.arm-none.win32_1.15.0.201708311556/tools/compiler/bin/../lib/gcc/arm-none-eabi/6.3.1/thumb/v7-m/crtbegin.o
LOAD c:/ac6/systemworkbench/plugins/fr.ac6.mcu.externaltools.arm-none.win32_1.15.0.201708311556/tools/compiler/bin/../lib/gcc/arm-none-eabi/6.3.1/../../../../arm-none-eabi/lib/thumb/v7-m/crt0.o
LOAD src/clock.o
LOAD src/cmd.o
LOAD src/eprintf.o
LOAD src/gpio.o
LOAD src/led.o
LOAD src/main.o
LOAD src/stm32l1xx_it.o
LOAD src/syscalls.o
LOAD src/system_stm32l1xx.o
LOAD src/uart.o
LOAD startup/startup_stm32l152xe.o
LOAD C:\Users\Matthew\Desktop\Fall\Embedded\nucleo-l152re_hal_lib\Debug\libnucleo-l152re_hal_lib.a
LOAD c:/ac6/systemworkbench/plugins/fr.ac6.mcu.externaltools.arm-none.win32_1.15.0.201708311556/tools/compiler/bin/../lib/gcc/arm-none-eabi/6.3.1/../../../../arm-none-eabi/lib/thumb/v7-m\libm.a
START GROUP
LOAD c:/ac6/systemworkbench/plugins/fr.ac6.mcu.externaltools.arm-none.win32_1.15.0.201708311556/tools/compiler/bin/../lib/gcc/arm-none-eabi/6.3.1/thumb/v7-m\libgcc.a
LOAD c:/ac6/systemworkbench/plugins/fr.ac6.mcu.externaltools.arm-none.win32_1.15.0.201708311556/tools/compiler/bin/../lib/gcc/arm-none-eabi/6.3.1/../../../../arm-none-eabi/lib/thumb/v7-m\libc.a
END GROUP
LOAD c:/ac6/systemworkbench/plugins/fr.ac6.mcu.externaltools.arm-none.win32_1.15.0.201708311556/tools/compiler/bin/../lib/gcc/arm-none-eabi/6.3.1/thumb/v7-m/crtend.o
LOAD c:/ac6/systemworkbench/plugins/fr.ac6.mcu.externaltools.arm-none.win32_1.15.0.201708311556/tools/compiler/bin/../lib/gcc/arm-none-eabi/6.3.1/thumb/v7-m/crtn.o
                0x20014000                _estack = 0x20014000
                0x00000200                _Min_Heap_Size = 0x200
                0x00000400                _Min_Stack_Size = 0x400

.isr_vector     0x08000000      0x13c
                0x08000000                . = ALIGN (0x4)
 *(.isr_vector)
 .isr_vector    0x08000000      0x13c startup/startup_stm32l152xe.o
                0x08000000                g_pfnVectors
                0x0800013c                . = ALIGN (0x4)

.text           0x0800013c     0x2248
                0x0800013c                . = ALIGN (0x4)
 *(.text)
 .text          0x0800013c       0x6c c:/ac6/systemworkbench/plugins/fr.ac6.mcu.externaltools.arm-none.win32_1.15.0.201708311556/tools/compiler/bin/../lib/gcc/arm-none-eabi/6.3.1/thumb/v7-m/crtbegin.o
 *(.text*)
 .text.LL_APB1_GRP1_EnableClock
                0x080001a8       0x30 src/clock.o
 .text.LL_PWR_SetRegulVoltageScaling
                0x080001d8       0x28 src/clock.o
 .text.LL_PWR_IsActiveFlag_VOS
                0x08000200       0x24 src/clock.o
 .text.LL_RCC_HSI_Enable
                0x08000224       0x1c src/clock.o
 .text.LL_RCC_HSI_IsReady
                0x08000240       0x24 src/clock.o
 .text.LL_RCC_SetSysClkSource
                0x08000264       0x28 src/clock.o
 .text.LL_RCC_GetSysClkSource
                0x0800028c       0x18 src/clock.o
 .text.LL_RCC_SetAHBPrescaler
                0x080002a4       0x28 src/clock.o
 .text.LL_RCC_SetAPB1Prescaler
                0x080002cc       0x28 src/clock.o
 .text.LL_RCC_SetAPB2Prescaler
                0x080002f4       0x28 src/clock.o
 .text.LL_RCC_PLL_Enable
                0x0800031c       0x1c src/clock.o
 .text.LL_RCC_PLL_IsReady
                0x08000338       0x24 src/clock.o
 .text.LL_RCC_PLL_ConfigDomain_SYS
                0x0800035c       0x34 src/clock.o
 .text.LL_FLASH_SetLatency
                0x08000390       0x28 src/clock.o
 .text.LL_FLASH_Enable64bitAccess
                0x080003b8       0x1c src/clock.o
 .text.ClockInit
                0x080003d4       0x9c src/clock.o
                0x080003d4                ClockInit
 .text.ClockWaitForTick
                0x08000470       0x24 src/clock.o
                0x08000470                ClockWaitForTick
 .text.LL_GPIO_ResetOutputPin
                0x08000494       0x1a src/cmd.o
 *fill*         0x080004ae        0x2 
 .text.CmdProcessSMClock
                0x080004b0       0x60 src/cmd.o
                0x080004b0                CmdProcessSMClock
 .text.CmdReceive
                0x08000510       0xf4 src/cmd.o
 .text.CmdTokenize
                0x08000604       0x60 src/cmd.o
 .text.CmdExecute
                0x08000664       0x3c src/cmd.o
 .text.CmdDisplayHelp
                0x080006a0       0x14 src/cmd.o
 .text.GetMsec  0x080006b4       0x74 src/cmd.o
 .text.InvalidCommand
                0x08000728       0x3c src/cmd.o
 .text.ZeroToken
                0x08000764       0x4c src/cmd.o
 .text.OneToken
                0x080007b0      0x10c src/cmd.o
 .text.TwoToken
                0x080008bc      0x124 src/cmd.o
 .text.eprintf  0x080009e0      0xad8 src/eprintf.o
                0x080009e0                eprintf
 .text.PadWithSpace
                0x080014b8       0x2a src/eprintf.o
                0x080014b8                PadWithSpace
 .text.PadWithZeros
                0x080014e2       0x2a src/eprintf.o
                0x080014e2                PadWithZeros
 .text.LL_AHB1_GRP1_EnableClock
                0x0800150c       0x30 src/gpio.o
 .text.LL_GPIO_SetPinMode
                0x0800153c       0x58 src/gpio.o
 .text.LL_GPIO_ResetOutputPin
                0x08001594       0x1a src/gpio.o
 *fill*         0x080015ae        0x2 
 .text.GpioInit
                0x080015b0       0x4c src/gpio.o
                0x080015b0                GpioInit
 .text.LL_GPIO_SetOutputPin
                0x080015fc       0x1a src/led.o
 .text.LL_GPIO_ResetOutputPin
                0x08001616       0x1a src/led.o
 .text.LedBlinkSMClock
                0x08001630       0x94 src/led.o
                0x08001630                LedBlinkSMClock
 .text.GetState
                0x080016c4       0x14 src/led.o
                0x080016c4                GetState
 .text.SetState
                0x080016d8       0x1c src/led.o
                0x080016d8                SetState
 .text.SetOnPeriod
                0x080016f4       0x1c src/led.o
                0x080016f4                SetOnPeriod
 .text.GetOffPeriod
                0x08001710       0x14 src/led.o
                0x08001710                GetOffPeriod
 .text.SetOffPeriod
                0x08001724       0x1c src/led.o
                0x08001724                SetOffPeriod
 .text.LL_GPIO_SetOutputPin
                0x08001740       0x1a src/main.o
 *fill*         0x0800175a        0x2 
 .text.main     0x0800175c       0x2c src/main.o
                0x0800175c                main
 .text.LL_USART_IsActiveFlag_RXNE
                0x08001788       0x24 src/stm32l1xx_it.o
 .text.LL_USART_IsActiveFlag_TXE
                0x080017ac       0x24 src/stm32l1xx_it.o
 .text.LL_USART_IsEnabledIT_RXNE
                0x080017d0       0x24 src/stm32l1xx_it.o
 .text.LL_USART_IsEnabledIT_TXE
                0x080017f4       0x24 src/stm32l1xx_it.o
 .text.SysTick_Handler
                0x08001818       0x10 src/stm32l1xx_it.o
                0x08001818                SysTick_Handler
 .text.USART2_IRQHandler
                0x08001828       0x40 src/stm32l1xx_it.o
                0x08001828                USART2_IRQHandler
 .text.SystemInit
                0x08001868       0x68 src/system_stm32l1xx.o
                0x08001868                SystemInit
 .text.NVIC_EnableIRQ
                0x080018d0       0x30 src/uart.o
 .text.NVIC_SetPriority
                0x08001900       0x54 src/uart.o
 .text.LL_AHB1_GRP1_EnableClock
                0x08001954       0x30 src/uart.o
 .text.LL_APB1_GRP1_EnableClock
                0x08001984       0x30 src/uart.o
 .text.LL_GPIO_SetPinMode
                0x080019b4       0x58 src/uart.o
 .text.LL_GPIO_SetPinOutputType
                0x08001a0c       0x2e src/uart.o
 .text.LL_GPIO_SetPinSpeed
                0x08001a3a       0x58 src/uart.o
 .text.LL_GPIO_SetPinPull
                0x08001a92       0x58 src/uart.o
 .text.LL_GPIO_SetAFPin_0_7
                0x08001aea       0x58 src/uart.o
 .text.LL_USART_Enable
                0x08001b42       0x1e src/uart.o
 .text.LL_USART_SetTransferDirection
                0x08001b60       0x24 src/uart.o
 .text.LL_USART_ConfigCharacter
                0x08001b84       0x3c src/uart.o
 .text.LL_USART_SetBaudRate
                0x08001bc0      0x16c src/uart.o
 .text.LL_USART_IsActiveFlag_RXNE
                0x08001d2c       0x24 src/uart.o
 .text.LL_USART_IsActiveFlag_TXE
                0x08001d50       0x24 src/uart.o
 .text.LL_USART_EnableIT_RXNE
                0x08001d74       0x1e src/uart.o
 .text.LL_USART_EnableIT_TXE
                0x08001d92       0x1e src/uart.o
 .text.LL_USART_DisableIT_TXE
                0x08001db0       0x1e src/uart.o
 .text.LL_USART_ReceiveData8
                0x08001dce       0x18 src/uart.o
 .text.LL_USART_TransmitData8
                0x08001de6       0x1c src/uart.o
 *fill*         0x08001e02        0x2 
 .text.UartInit
                0x08001e04       0xec src/uart.o
                0x08001e04                UartInit
 .text.UartCharAvail
                0x08001ef0       0x28 src/uart.o
                0x08001ef0                UartCharAvail
 .text.UartCharRead
                0x08001f18       0x54 src/uart.o
                0x08001f18                UartCharRead
 .text.UartCharWrite
                0x08001f6c       0x70 src/uart.o
                0x08001f6c                UartCharWrite
 .text.UartIrqHandler
                0x08001fdc       0xd4 src/uart.o
                0x08001fdc                UartIrqHandler
 .text.Reset_Handler
                0x080020b0       0x48 startup/startup_stm32l152xe.o
                0x080020b0                Reset_Handler
 .text.Default_Handler
                0x080020f8        0x2 startup/startup_stm32l152xe.o
                0x080020f8                RTC_Alarm_IRQHandler
                0x080020f8                EXTI2_IRQHandler
                0x080020f8                COMP_ACQ_IRQHandler
                0x080020f8                DebugMon_Handler
                0x080020f8                HardFault_Handler
                0x080020f8                TIM10_IRQHandler
                0x080020f8                USB_HP_IRQHandler
                0x080020f8                TIM6_IRQHandler
                0x080020f8                PVD_IRQHandler
                0x080020f8                PendSV_Handler
                0x080020f8                NMI_Handler
                0x080020f8                EXTI3_IRQHandler
                0x080020f8                EXTI0_IRQHandler
                0x080020f8                I2C2_EV_IRQHandler
                0x080020f8                UsageFault_Handler
                0x080020f8                SPI1_IRQHandler
                0x080020f8                USB_FS_WKUP_IRQHandler
                0x080020f8                DMA2_Channel2_IRQHandler
                0x080020f8                DMA1_Channel4_IRQHandler
                0x080020f8                ADC1_IRQHandler
                0x080020f8                USART3_IRQHandler
                0x080020f8                DMA1_Channel7_IRQHandler
                0x080020f8                LCD_IRQHandler
                0x080020f8                UART5_IRQHandler
                0x080020f8                TIM4_IRQHandler
                0x080020f8                DMA2_Channel1_IRQHandler
                0x080020f8                I2C1_EV_IRQHandler
                0x080020f8                DMA1_Channel6_IRQHandler
                0x080020f8                UART4_IRQHandler
                0x080020f8                DMA2_Channel4_IRQHandler
                0x080020f8                TIM3_IRQHandler
                0x080020f8                RCC_IRQHandler
                0x080020f8                DMA1_Channel1_IRQHandler
                0x080020f8                Default_Handler
                0x080020f8                EXTI15_10_IRQHandler
                0x080020f8                TIM7_IRQHandler
                0x080020f8                TIM5_IRQHandler
                0x080020f8                EXTI9_5_IRQHandler
                0x080020f8                TIM9_IRQHandler
                0x080020f8                TAMPER_STAMP_IRQHandler
                0x080020f8                RTC_WKUP_IRQHandler
                0x080020f8                SPI2_IRQHandler
                0x080020f8                MemManage_Handler
                0x080020f8                SVC_Handler
                0x080020f8                DMA2_Channel5_IRQHandler
                0x080020f8                DMA1_Channel5_IRQHandler
                0x080020f8                USB_LP_IRQHandler
                0x080020f8                EXTI4_IRQHandler
                0x080020f8                DMA1_Channel3_IRQHandler
                0x080020f8                COMP_IRQHandler
                0x080020f8                WWDG_IRQHandler
                0x080020f8                TIM2_IRQHandler
                0x080020f8                DAC_IRQHandler
                0x080020f8                EXTI1_IRQHandler
                0x080020f8                TIM11_IRQHandler
                0x080020f8                I2C2_ER_IRQHandler
                0x080020f8                DMA1_Channel2_IRQHandler
                0x080020f8                FLASH_IRQHandler
                0x080020f8                BusFault_Handler
                0x080020f8                USART1_IRQHandler
                0x080020f8                SPI3_IRQHandler
                0x080020f8                I2C1_ER_IRQHandler
                0x080020f8                DMA2_Channel3_IRQHandler
 *fill*         0x080020fa        0x2 
 .text.HAL_IncTick
                0x080020fc       0x1c C:\Users\Matthew\Desktop\Fall\Embedded\nucleo-l152re_hal_lib\Debug\libnucleo-l152re_hal_lib.a(stm32l1xx_hal.o)
                0x080020fc                HAL_IncTick
 .text.HAL_SYSTICK_IRQHandler
                0x08002118        0xc C:\Users\Matthew\Desktop\Fall\Embedded\nucleo-l152re_hal_lib\Debug\libnucleo-l152re_hal_lib.a(stm32l1xx_hal_cortex.o)
                0x08002118                HAL_SYSTICK_IRQHandler
 .text.HAL_SYSTICK_Callback
                0x08002124        0xc C:\Users\Matthew\Desktop\Fall\Embedded\nucleo-l152re_hal_lib\Debug\libnucleo-l152re_hal_lib.a(stm32l1xx_hal_cortex.o)
                0x08002124                HAL_SYSTICK_Callback
 .text.LL_InitTick
                0x08002130       0x34 C:\Users\Matthew\Desktop\Fall\Embedded\nucleo-l152re_hal_lib\Debug\libnucleo-l152re_hal_lib.a(stm32l1xx_ll_utils.o)
 .text.LL_Init1msTick
                0x08002164       0x1a C:\Users\Matthew\Desktop\Fall\Embedded\nucleo-l152re_hal_lib\Debug\libnucleo-l152re_hal_lib.a(stm32l1xx_ll_utils.o)
                0x08002164                LL_Init1msTick
 *fill*         0x0800217e        0x2 
 .text.LL_SetSystemCoreClock
                0x08002180       0x1c C:\Users\Matthew\Desktop\Fall\Embedded\nucleo-l152re_hal_lib\Debug\libnucleo-l152re_hal_lib.a(stm32l1xx_ll_utils.o)
                0x08002180                LL_SetSystemCoreClock
 .text.__libc_init_array
                0x0800219c       0x50 c:/ac6/systemworkbench/plugins/fr.ac6.mcu.externaltools.arm-none.win32_1.15.0.201708311556/tools/compiler/bin/../lib/gcc/arm-none-eabi/6.3.1/../../../../arm-none-eabi/lib/thumb/v7-m\libc.a(lib_a-init.o)
                0x0800219c                __libc_init_array
 .text.__locale_ctype_ptr
                0x080021ec       0x1c c:/ac6/systemworkbench/plugins/fr.ac6.mcu.externaltools.arm-none.win32_1.15.0.201708311556/tools/compiler/bin/../lib/gcc/arm-none-eabi/6.3.1/../../../../arm-none-eabi/lib/thumb/v7-m\libc.a(lib_a-locale.o)
                0x080021ec                __locale_ctype_ptr
 .text.__ascii_mbtowc
                0x08002208       0x2c c:/ac6/systemworkbench/plugins/fr.ac6.mcu.externaltools.arm-none.win32_1.15.0.201708311556/tools/compiler/bin/../lib/gcc/arm-none-eabi/6.3.1/../../../../arm-none-eabi/lib/thumb/v7-m\libc.a(lib_a-mbtowc_r.o)
                0x08002208                __ascii_mbtowc
 .text.__ascii_wctomb
                0x08002234       0x18 c:/ac6/systemworkbench/plugins/fr.ac6.mcu.externaltools.arm-none.win32_1.15.0.201708311556/tools/compiler/bin/../lib/gcc/arm-none-eabi/6.3.1/../../../../arm-none-eabi/lib/thumb/v7-m\libc.a(lib_a-wctomb_r.o)
                0x08002234                __ascii_wctomb
 .text.startup.register_fini
                0x0800224c       0x14 c:/ac6/systemworkbench/plugins/fr.ac6.mcu.externaltools.arm-none.win32_1.15.0.201708311556/tools/compiler/bin/../lib/gcc/arm-none-eabi/6.3.1/../../../../arm-none-eabi/lib/thumb/v7-m\libc.a(lib_a-__call_atexit.o)
 .text.atexit   0x08002260        0xc c:/ac6/systemworkbench/plugins/fr.ac6.mcu.externaltools.arm-none.win32_1.15.0.201708311556/tools/compiler/bin/../lib/gcc/arm-none-eabi/6.3.1/../../../../arm-none-eabi/lib/thumb/v7-m\libc.a(lib_a-atexit.o)
                0x08002260                atexit
 .text.__libc_fini_array
                0x0800226c       0x34 c:/ac6/systemworkbench/plugins/fr.ac6.mcu.externaltools.arm-none.win32_1.15.0.201708311556/tools/compiler/bin/../lib/gcc/arm-none-eabi/6.3.1/../../../../arm-none-eabi/lib/thumb/v7-m\libc.a(lib_a-fini.o)
                0x0800226c                __libc_fini_array
 .text.__retarget_lock_acquire_recursive
                0x080022a0        0x4 c:/ac6/systemworkbench/plugins/fr.ac6.mcu.externaltools.arm-none.win32_1.15.0.201708311556/tools/compiler/bin/../lib/gcc/arm-none-eabi/6.3.1/../../../../arm-none-eabi/lib/thumb/v7-m\libc.a(lib_a-lock.o)
                0x080022a0                __retarget_lock_acquire_recursive
 .text.__retarget_lock_release_recursive
                0x080022a4        0x4 c:/ac6/systemworkbench/plugins/fr.ac6.mcu.externaltools.arm-none.win32_1.15.0.201708311556/tools/compiler/bin/../lib/gcc/arm-none-eabi/6.3.1/../../../../arm-none-eabi/lib/thumb/v7-m\libc.a(lib_a-lock.o)
                0x080022a4                __retarget_lock_release_recursive
 .text.__register_exitproc
                0x080022a8       0xc4 c:/ac6/systemworkbench/plugins/fr.ac6.mcu.externaltools.arm-none.win32_1.15.0.201708311556/tools/compiler/bin/../lib/gcc/arm-none-eabi/6.3.1/../../../../arm-none-eabi/lib/thumb/v7-m\libc.a(lib_a-__atexit.o)
                0x080022a8                __register_exitproc
 *(.glue_7)
 .glue_7        0x0800236c        0x0 linker stubs
 *(.glue_7t)
 .glue_7t       0x0800236c        0x0 linker stubs
 *(.eh_frame)
 .eh_frame      0x0800236c        0x0 c:/ac6/systemworkbench/plugins/fr.ac6.mcu.externaltools.arm-none.win32_1.15.0.201708311556/tools/compiler/bin/../lib/gcc/arm-none-eabi/6.3.1/thumb/v7-m/crtbegin.o
 *(.init)
 .init          0x0800236c        0x4 c:/ac6/systemworkbench/plugins/fr.ac6.mcu.externaltools.arm-none.win32_1.15.0.201708311556/tools/compiler/bin/../lib/gcc/arm-none-eabi/6.3.1/thumb/v7-m/crti.o
                0x0800236c                _init
 .init          0x08002370        0x8 c:/ac6/systemworkbench/plugins/fr.ac6.mcu.externaltools.arm-none.win32_1.15.0.201708311556/tools/compiler/bin/../lib/gcc/arm-none-eabi/6.3.1/thumb/v7-m/crtn.o
 *(.fini)
 .fini          0x08002378        0x4 c:/ac6/systemworkbench/plugins/fr.ac6.mcu.externaltools.arm-none.win32_1.15.0.201708311556/tools/compiler/bin/../lib/gcc/arm-none-eabi/6.3.1/thumb/v7-m/crti.o
                0x08002378                _fini
 .fini          0x0800237c        0x8 c:/ac6/systemworkbench/plugins/fr.ac6.mcu.externaltools.arm-none.win32_1.15.0.201708311556/tools/compiler/bin/../lib/gcc/arm-none-eabi/6.3.1/thumb/v7-m/crtn.o
                0x08002384                . = ALIGN (0x4)
                0x08002384                _etext = .

.vfp11_veneer   0x08002384        0x0
 .vfp11_veneer  0x08002384        0x0 linker stubs

.v4_bx          0x08002384        0x0
 .v4_bx         0x08002384        0x0 linker stubs

.iplt           0x08002384        0x0
 .iplt          0x08002384        0x0 c:/ac6/systemworkbench/plugins/fr.ac6.mcu.externaltools.arm-none.win32_1.15.0.201708311556/tools/compiler/bin/../lib/gcc/arm-none-eabi/6.3.1/thumb/v7-m/crtbegin.o

.rodata         0x08002384      0x39c
                0x08002384                . = ALIGN (0x4)
 *(.rodata)
 .rodata        0x08002384      0x27f src/cmd.o
 *(.rodata*)
 *fill*         0x08002603        0x1 
 .rodata._global_impure_ptr
                0x08002604        0x4 c:/ac6/systemworkbench/plugins/fr.ac6.mcu.externaltools.arm-none.win32_1.15.0.201708311556/tools/compiler/bin/../lib/gcc/arm-none-eabi/6.3.1/../../../../arm-none-eabi/lib/thumb/v7-m\libc.a(lib_a-impure.o)
                0x08002604                _global_impure_ptr
 .rodata._setlocale_r.str1.4
                0x08002608        0xd c:/ac6/systemworkbench/plugins/fr.ac6.mcu.externaltools.arm-none.win32_1.15.0.201708311556/tools/compiler/bin/../lib/gcc/arm-none-eabi/6.3.1/../../../../arm-none-eabi/lib/thumb/v7-m\libc.a(lib_a-locale.o)
 *fill*         0x08002615        0x3 
 .rodata.str1.4
                0x08002618        0x4 c:/ac6/systemworkbench/plugins/fr.ac6.mcu.externaltools.arm-none.win32_1.15.0.201708311556/tools/compiler/bin/../lib/gcc/arm-none-eabi/6.3.1/../../../../arm-none-eabi/lib/thumb/v7-m\libc.a(lib_a-locale.o)
                                  0x2 (size before relaxing)
 .rodata._ctype_
                0x0800261c      0x101 c:/ac6/systemworkbench/plugins/fr.ac6.mcu.externaltools.arm-none.win32_1.15.0.201708311556/tools/compiler/bin/../lib/gcc/arm-none-eabi/6.3.1/../../../../arm-none-eabi/lib/thumb/v7-m\libc.a(lib_a-ctype_.o)
                0x0800261c                _ctype_
                0x08002720                . = ALIGN (0x4)
 *fill*         0x0800271d        0x3 

.rel.dyn        0x08002720        0x0
 .rel.iplt      0x08002720        0x0 c:/ac6/systemworkbench/plugins/fr.ac6.mcu.externaltools.arm-none.win32_1.15.0.201708311556/tools/compiler/bin/../lib/gcc/arm-none-eabi/6.3.1/thumb/v7-m/crtbegin.o

.ARM.extab
 *(.ARM.extab* .gnu.linkonce.armextab.*)

.ARM            0x08002720        0x0
                0x08002720                __exidx_start = .
 *(.ARM.exidx*)
                0x08002720                __exidx_end = .

.preinit_array  0x08002720        0x0
                0x08002720                PROVIDE (__preinit_array_start, .)
 *(.preinit_array*)
                0x08002720                PROVIDE (__preinit_array_end, .)

.init_array     0x08002720        0x8
                0x08002720                PROVIDE (__init_array_start, .)
 *(SORT(.init_array.*))
 .init_array.00000
                0x08002720        0x4 c:/ac6/systemworkbench/plugins/fr.ac6.mcu.externaltools.arm-none.win32_1.15.0.201708311556/tools/compiler/bin/../lib/gcc/arm-none-eabi/6.3.1/../../../../arm-none-eabi/lib/thumb/v7-m\libc.a(lib_a-__call_atexit.o)
 *(.init_array*)
 .init_array    0x08002724        0x4 c:/ac6/systemworkbench/plugins/fr.ac6.mcu.externaltools.arm-none.win32_1.15.0.201708311556/tools/compiler/bin/../lib/gcc/arm-none-eabi/6.3.1/thumb/v7-m/crtbegin.o
                0x08002728                PROVIDE (__init_array_end, .)

.fini_array     0x08002728        0x4
                0x08002728                PROVIDE (__fini_array_start, .)
 *(SORT(.fini_array.*))
 *(.fini_array*)
 .fini_array    0x08002728        0x4 c:/ac6/systemworkbench/plugins/fr.ac6.mcu.externaltools.arm-none.win32_1.15.0.201708311556/tools/compiler/bin/../lib/gcc/arm-none-eabi/6.3.1/thumb/v7-m/crtbegin.o
                0x0800272c                PROVIDE (__fini_array_end, .)
                0x0800272c                _sidata = LOADADDR (.data)

.data           0x20000000      0x5b0 load address 0x0800272c
                0x20000000                . = ALIGN (0x4)
                0x20000000                _sdata = .
 *(.data)
 .data          0x20000000       0x10 src/led.o
 .data          0x20000010        0x4 src/system_stm32l1xx.o
                0x20000010                SystemCoreClock
 *(.data*)
 .data._impure_ptr
                0x20000014        0x4 c:/ac6/systemworkbench/plugins/fr.ac6.mcu.externaltools.arm-none.win32_1.15.0.201708311556/tools/compiler/bin/../lib/gcc/arm-none-eabi/6.3.1/../../../../arm-none-eabi/lib/thumb/v7-m\libc.a(lib_a-impure.o)
                0x20000014                _impure_ptr
 .data.impure_data
                0x20000018      0x428 c:/ac6/systemworkbench/plugins/fr.ac6.mcu.externaltools.arm-none.win32_1.15.0.201708311556/tools/compiler/bin/../lib/gcc/arm-none-eabi/6.3.1/../../../../arm-none-eabi/lib/thumb/v7-m\libc.a(lib_a-impure.o)
 .data.__global_locale
                0x20000440      0x16c c:/ac6/systemworkbench/plugins/fr.ac6.mcu.externaltools.arm-none.win32_1.15.0.201708311556/tools/compiler/bin/../lib/gcc/arm-none-eabi/6.3.1/../../../../arm-none-eabi/lib/thumb/v7-m\libc.a(lib_a-locale.o)
                0x20000440                __global_locale
 .data.__atexit_recursive_mutex
                0x200005ac        0x4 c:/ac6/systemworkbench/plugins/fr.ac6.mcu.externaltools.arm-none.win32_1.15.0.201708311556/tools/compiler/bin/../lib/gcc/arm-none-eabi/6.3.1/../../../../arm-none-eabi/lib/thumb/v7-m\libc.a(lib_a-__call_atexit.o)
                0x200005ac                __atexit_recursive_mutex
 *(.RamFunc)
                0x200005b0                . = ALIGN (0x4)
                0x200005b0                _edata = .

.jcr            0x200005b0        0x0 load address 0x08002cdc
 .jcr           0x200005b0        0x0 c:/ac6/systemworkbench/plugins/fr.ac6.mcu.externaltools.arm-none.win32_1.15.0.201708311556/tools/compiler/bin/../lib/gcc/arm-none-eabi/6.3.1/thumb/v7-m/crtbegin.o

.igot.plt       0x200005b0        0x0 load address 0x08002cdc
 .igot.plt      0x200005b0        0x0 c:/ac6/systemworkbench/plugins/fr.ac6.mcu.externaltools.arm-none.win32_1.15.0.201708311556/tools/compiler/bin/../lib/gcc/arm-none-eabi/6.3.1/thumb/v7-m/crtbegin.o
                0x200005b0                . = ALIGN (0x4)

.bss            0x200005b0      0x598 load address 0x08002cdc
                0x200005b0                _sbss = .
                0x200005b0                __bss_start__ = _sbss
 *(.bss)
 .bss           0x200005b0       0x1c c:/ac6/systemworkbench/plugins/fr.ac6.mcu.externaltools.arm-none.win32_1.15.0.201708311556/tools/compiler/bin/../lib/gcc/arm-none-eabi/6.3.1/thumb/v7-m/crtbegin.o
 .bss           0x200005cc       0x2c src/cmd.o
 .bss           0x200005f8      0x4c0 src/uart.o
 *(.bss*)
 *(COMMON)
 COMMON         0x20000ab8       0x65 src/cmd.o
                0x20000ab8                CmdBuf
 *fill*         0x20000b1d        0x3 
 COMMON         0x20000b20        0x4 C:\Users\Matthew\Desktop\Fall\Embedded\nucleo-l152re_hal_lib\Debug\libnucleo-l152re_hal_lib.a(stm32l1xx_hal.o)
                0x20000b20                uwTick
 COMMON         0x20000b24       0x21 c:/ac6/systemworkbench/plugins/fr.ac6.mcu.externaltools.arm-none.win32_1.15.0.201708311556/tools/compiler/bin/../lib/gcc/arm-none-eabi/6.3.1/../../../../arm-none-eabi/lib/thumb/v7-m\libc.a(lib_a-lock.o)
                0x20000b24                __lock___atexit_recursive_mutex
                0x20000b28                __lock___arc4random_mutex
                0x20000b2c                __lock___env_recursive_mutex
                0x20000b30                __lock___sinit_recursive_mutex
                0x20000b34                __lock___malloc_recursive_mutex
                0x20000b38                __lock___at_quick_exit_mutex
                0x20000b3c                __lock___dd_hash_mutex
                0x20000b40                __lock___tz_mutex
                0x20000b44                __lock___sfp_recursive_mutex
                0x20000b48                . = ALIGN (0x4)
 *fill*         0x20000b45        0x3 
                0x20000b48                _ebss = .
                0x20000b48                __bss_end__ = _ebss

._user_heap_stack
                0x20000b48      0x600 load address 0x08002cdc
                0x20000b48                . = ALIGN (0x8)
                0x20000b48                PROVIDE (end, .)
                [!provide]                PROVIDE (_end, .)
                0x20000d48                . = (. + _Min_Heap_Size)
 *fill*         0x20000b48      0x200 
                0x20001148                . = (. + _Min_Stack_Size)
 *fill*         0x20000d48      0x400 
                0x20001148                . = ALIGN (0x8)

.memory_b1_text
 *(.mb1text)
 *(.mb1text*)
 *(.mb1rodata)
 *(.mb1rodata*)

/DISCARD/
 libc.a(*)
 libm.a(*)
 libgcc.a(*)

.ARM.attributes
                0x00000000       0x29
 *(.ARM.attributes)
 .ARM.attributes
                0x00000000       0x1d c:/ac6/systemworkbench/plugins/fr.ac6.mcu.externaltools.arm-none.win32_1.15.0.201708311556/tools/compiler/bin/../lib/gcc/arm-none-eabi/6.3.1/thumb/v7-m/crti.o
 .ARM.attributes
                0x0000001d       0x2d c:/ac6/systemworkbench/plugins/fr.ac6.mcu.externaltools.arm-none.win32_1.15.0.201708311556/tools/compiler/bin/../lib/gcc/arm-none-eabi/6.3.1/thumb/v7-m/crtbegin.o
 .ARM.attributes
                0x0000004a       0x33 src/clock.o
 .ARM.attributes
                0x0000007d       0x33 src/cmd.o
 .ARM.attributes
                0x000000b0       0x33 src/eprintf.o
 .ARM.attributes
                0x000000e3       0x33 src/gpio.o
 .ARM.attributes
                0x00000116       0x33 src/led.o
 .ARM.attributes
                0x00000149       0x33 src/main.o
 .ARM.attributes
                0x0000017c       0x33 src/stm32l1xx_it.o
 .ARM.attributes
                0x000001af       0x33 src/system_stm32l1xx.o
 .ARM.attributes
                0x000001e2       0x33 src/uart.o
 .ARM.attributes
                0x00000215       0x21 startup/startup_stm32l152xe.o
 .ARM.attributes
                0x00000236       0x33 C:\Users\Matthew\Desktop\Fall\Embedded\nucleo-l152re_hal_lib\Debug\libnucleo-l152re_hal_lib.a(stm32l1xx_hal.o)
 .ARM.attributes
                0x00000269       0x33 C:\Users\Matthew\Desktop\Fall\Embedded\nucleo-l152re_hal_lib\Debug\libnucleo-l152re_hal_lib.a(stm32l1xx_hal_cortex.o)
 .ARM.attributes
                0x0000029c       0x33 C:\Users\Matthew\Desktop\Fall\Embedded\nucleo-l152re_hal_lib\Debug\libnucleo-l152re_hal_lib.a(stm32l1xx_ll_utils.o)
 .ARM.attributes
                0x000002cf       0x2d c:/ac6/systemworkbench/plugins/fr.ac6.mcu.externaltools.arm-none.win32_1.15.0.201708311556/tools/compiler/bin/../lib/gcc/arm-none-eabi/6.3.1/../../../../arm-none-eabi/lib/thumb/v7-m\libc.a(lib_a-impure.o)
 .ARM.attributes
                0x000002fc       0x2d c:/ac6/systemworkbench/plugins/fr.ac6.mcu.externaltools.arm-none.win32_1.15.0.201708311556/tools/compiler/bin/../lib/gcc/arm-none-eabi/6.3.1/../../../../arm-none-eabi/lib/thumb/v7-m\libc.a(lib_a-init.o)
 .ARM.attributes
                0x00000329       0x2d c:/ac6/systemworkbench/plugins/fr.ac6.mcu.externaltools.arm-none.win32_1.15.0.201708311556/tools/compiler/bin/../lib/gcc/arm-none-eabi/6.3.1/../../../../arm-none-eabi/lib/thumb/v7-m\libc.a(lib_a-locale.o)
 .ARM.attributes
                0x00000356       0x2d c:/ac6/systemworkbench/plugins/fr.ac6.mcu.externaltools.arm-none.win32_1.15.0.201708311556/tools/compiler/bin/../lib/gcc/arm-none-eabi/6.3.1/../../../../arm-none-eabi/lib/thumb/v7-m\libc.a(lib_a-mbtowc_r.o)
 .ARM.attributes
                0x00000383       0x2d c:/ac6/systemworkbench/plugins/fr.ac6.mcu.externaltools.arm-none.win32_1.15.0.201708311556/tools/compiler/bin/../lib/gcc/arm-none-eabi/6.3.1/../../../../arm-none-eabi/lib/thumb/v7-m\libc.a(lib_a-wctomb_r.o)
 .ARM.attributes
                0x000003b0       0x2d c:/ac6/systemworkbench/plugins/fr.ac6.mcu.externaltools.arm-none.win32_1.15.0.201708311556/tools/compiler/bin/../lib/gcc/arm-none-eabi/6.3.1/../../../../arm-none-eabi/lib/thumb/v7-m\libc.a(lib_a-__call_atexit.o)
 .ARM.attributes
                0x000003dd       0x2d c:/ac6/systemworkbench/plugins/fr.ac6.mcu.externaltools.arm-none.win32_1.15.0.201708311556/tools/compiler/bin/../lib/gcc/arm-none-eabi/6.3.1/../../../../arm-none-eabi/lib/thumb/v7-m\libc.a(lib_a-atexit.o)
 .ARM.attributes
                0x0000040a       0x2d c:/ac6/systemworkbench/plugins/fr.ac6.mcu.externaltools.arm-none.win32_1.15.0.201708311556/tools/compiler/bin/../lib/gcc/arm-none-eabi/6.3.1/../../../../arm-none-eabi/lib/thumb/v7-m\libc.a(lib_a-ctype_.o)
 .ARM.attributes
                0x00000437       0x2d c:/ac6/systemworkbench/plugins/fr.ac6.mcu.externaltools.arm-none.win32_1.15.0.201708311556/tools/compiler/bin/../lib/gcc/arm-none-eabi/6.3.1/../../../../arm-none-eabi/lib/thumb/v7-m\libc.a(lib_a-fini.o)
 .ARM.attributes
                0x00000464       0x2d c:/ac6/systemworkbench/plugins/fr.ac6.mcu.externaltools.arm-none.win32_1.15.0.201708311556/tools/compiler/bin/../lib/gcc/arm-none-eabi/6.3.1/../../../../arm-none-eabi/lib/thumb/v7-m\libc.a(lib_a-lock.o)
 .ARM.attributes
                0x00000491       0x2d c:/ac6/systemworkbench/plugins/fr.ac6.mcu.externaltools.arm-none.win32_1.15.0.201708311556/tools/compiler/bin/../lib/gcc/arm-none-eabi/6.3.1/../../../../arm-none-eabi/lib/thumb/v7-m\libc.a(lib_a-__atexit.o)
 .ARM.attributes
                0x000004be       0x1d c:/ac6/systemworkbench/plugins/fr.ac6.mcu.externaltools.arm-none.win32_1.15.0.201708311556/tools/compiler/bin/../lib/gcc/arm-none-eabi/6.3.1/thumb/v7-m/crtn.o
OUTPUT(Session21.elf elf32-littlearm)

.debug_info     0x00000000     0xae19
 .debug_info    0x00000000      0xd88 src/clock.o
 .debug_info    0x00000d88      0xc5f src/cmd.o
 .debug_info    0x000019e7      0xe54 src/eprintf.o
 .debug_info    0x0000283b      0xc22 src/gpio.o
 .debug_info    0x0000345d      0xb86 src/led.o
 .debug_info    0x00003fe3      0xa65 src/main.o
 .debug_info    0x00004a48      0xaa3 src/stm32l1xx_it.o
 .debug_info    0x000054eb      0xc78 src/system_stm32l1xx.o
 .debug_info    0x00006163     0x169f src/uart.o
 .debug_info    0x00007802       0x7c startup/startup_stm32l152xe.o
 .debug_info    0x0000787e      0xf0a C:\Users\Matthew\Desktop\Fall\Embedded\nucleo-l152re_hal_lib\Debug\libnucleo-l152re_hal_lib.a(stm32l1xx_hal.o)
 .debug_info    0x00008788     0x1583 C:\Users\Matthew\Desktop\Fall\Embedded\nucleo-l152re_hal_lib\Debug\libnucleo-l152re_hal_lib.a(stm32l1xx_hal_cortex.o)
 .debug_info    0x00009d0b     0x110e C:\Users\Matthew\Desktop\Fall\Embedded\nucleo-l152re_hal_lib\Debug\libnucleo-l152re_hal_lib.a(stm32l1xx_ll_utils.o)

.debug_abbrev   0x00000000     0x1f01
 .debug_abbrev  0x00000000      0x252 src/clock.o
 .debug_abbrev  0x00000252      0x2ab src/cmd.o
 .debug_abbrev  0x000004fd      0x281 src/eprintf.o
 .debug_abbrev  0x0000077e      0x292 src/gpio.o
 .debug_abbrev  0x00000a10      0x251 src/led.o
 .debug_abbrev  0x00000c61      0x1e9 src/main.o
 .debug_abbrev  0x00000e4a      0x201 src/stm32l1xx_it.o
 .debug_abbrev  0x0000104b      0x205 src/system_stm32l1xx.o
 .debug_abbrev  0x00001250      0x351 src/uart.o
 .debug_abbrev  0x000015a1       0x12 startup/startup_stm32l152xe.o
 .debug_abbrev  0x000015b3      0x2a1 C:\Users\Matthew\Desktop\Fall\Embedded\nucleo-l152re_hal_lib\Debug\libnucleo-l152re_hal_lib.a(stm32l1xx_hal.o)
 .debug_abbrev  0x00001854      0x369 C:\Users\Matthew\Desktop\Fall\Embedded\nucleo-l152re_hal_lib\Debug\libnucleo-l152re_hal_lib.a(stm32l1xx_hal_cortex.o)
 .debug_abbrev  0x00001bbd      0x344 C:\Users\Matthew\Desktop\Fall\Embedded\nucleo-l152re_hal_lib\Debug\libnucleo-l152re_hal_lib.a(stm32l1xx_ll_utils.o)

.debug_aranges  0x00000000      0x638
 .debug_aranges
                0x00000000       0xa0 src/clock.o
 .debug_aranges
                0x000000a0       0x70 src/cmd.o
 .debug_aranges
                0x00000110       0x30 src/eprintf.o
 .debug_aranges
                0x00000140       0x38 src/gpio.o
 .debug_aranges
                0x00000178       0x60 src/led.o
 .debug_aranges
                0x000001d8       0x28 src/main.o
 .debug_aranges
                0x00000200       0x48 src/stm32l1xx_it.o
 .debug_aranges
                0x00000248       0x28 src/system_stm32l1xx.o
 .debug_aranges
                0x00000270       0xe0 src/uart.o
 .debug_aranges
                0x00000350       0x28 startup/startup_stm32l152xe.o
 .debug_aranges
                0x00000378       0xb0 C:\Users\Matthew\Desktop\Fall\Embedded\nucleo-l152re_hal_lib\Debug\libnucleo-l152re_hal_lib.a(stm32l1xx_hal.o)
 .debug_aranges
                0x00000428      0x118 C:\Users\Matthew\Desktop\Fall\Embedded\nucleo-l152re_hal_lib\Debug\libnucleo-l152re_hal_lib.a(stm32l1xx_hal_cortex.o)
 .debug_aranges
                0x00000540       0xf8 C:\Users\Matthew\Desktop\Fall\Embedded\nucleo-l152re_hal_lib\Debug\libnucleo-l152re_hal_lib.a(stm32l1xx_ll_utils.o)

.debug_ranges   0x00000000      0x5a0
 .debug_ranges  0x00000000       0x90 src/clock.o
 .debug_ranges  0x00000090       0x78 src/cmd.o
 .debug_ranges  0x00000108       0x38 src/eprintf.o
 .debug_ranges  0x00000140       0x28 src/gpio.o
 .debug_ranges  0x00000168       0x50 src/led.o
 .debug_ranges  0x000001b8       0x18 src/main.o
 .debug_ranges  0x000001d0       0x38 src/stm32l1xx_it.o
 .debug_ranges  0x00000208       0x18 src/system_stm32l1xx.o
 .debug_ranges  0x00000220       0xd0 src/uart.o
 .debug_ranges  0x000002f0       0x20 startup/startup_stm32l152xe.o
 .debug_ranges  0x00000310       0xa0 C:\Users\Matthew\Desktop\Fall\Embedded\nucleo-l152re_hal_lib\Debug\libnucleo-l152re_hal_lib.a(stm32l1xx_hal.o)
 .debug_ranges  0x000003b0      0x108 C:\Users\Matthew\Desktop\Fall\Embedded\nucleo-l152re_hal_lib\Debug\libnucleo-l152re_hal_lib.a(stm32l1xx_hal_cortex.o)
 .debug_ranges  0x000004b8       0xe8 C:\Users\Matthew\Desktop\Fall\Embedded\nucleo-l152re_hal_lib\Debug\libnucleo-l152re_hal_lib.a(stm32l1xx_ll_utils.o)

.debug_macro    0x00000000    0x1c686
 .debug_macro   0x00000000      0x467 src/clock.o
 .debug_macro   0x00000467      0x8ce src/clock.o
 .debug_macro   0x00000d35       0x28 src/clock.o
 .debug_macro   0x00000d5d       0x22 src/clock.o
 .debug_macro   0x00000d7f       0x22 src/clock.o
 .debug_macro   0x00000da1       0x87 src/clock.o
 .debug_macro   0x00000e28       0x51 src/clock.o
 .debug_macro   0x00000e79       0xef src/clock.o
 .debug_macro   0x00000f68       0x6a src/clock.o
 .debug_macro   0x00000fd2      0x1df src/clock.o
 .debug_macro   0x000011b1       0x34 src/clock.o
 .debug_macro   0x000011e5       0x34 src/clock.o
 .debug_macro   0x00001219      0xcb4 src/clock.o
 .debug_macro   0x00001ecd     0xbeb6 src/clock.o
 .debug_macro   0x0000dd83       0x43 src/clock.o
 .debug_macro   0x0000ddc6      0x106 src/clock.o
 .debug_macro   0x0000decc     0x342b src/clock.o
 .debug_macro   0x000112f7       0x58 src/clock.o
 .debug_macro   0x0001134f       0x35 src/clock.o
 .debug_macro   0x00011384       0x9c src/clock.o
 .debug_macro   0x00011420       0x16 src/clock.o
 .debug_macro   0x00011436       0x97 src/clock.o
 .debug_macro   0x000114cd      0x330 src/clock.o
 .debug_macro   0x000117fd       0xfd src/clock.o
 .debug_macro   0x000118fa       0x10 src/clock.o
 .debug_macro   0x0001190a       0x58 src/clock.o
 .debug_macro   0x00011962       0x1f src/clock.o
 .debug_macro   0x00011981       0x43 src/clock.o
 .debug_macro   0x000119c4       0x20 src/clock.o
 .debug_macro   0x000119e4      0x187 src/clock.o
 .debug_macro   0x00011b6b       0x10 src/clock.o
 .debug_macro   0x00011b7b       0x1c src/clock.o
 .debug_macro   0x00011b97       0x52 src/clock.o
 .debug_macro   0x00011be9       0x40 src/clock.o
 .debug_macro   0x00011c29       0x10 src/clock.o
 .debug_macro   0x00011c39       0x40 src/clock.o
 .debug_macro   0x00011c79       0xd7 src/clock.o
 .debug_macro   0x00011d50       0x16 src/clock.o
 .debug_macro   0x00011d66      0x18b src/clock.o
 .debug_macro   0x00011ef1       0x56 src/clock.o
 .debug_macro   0x00011f47      0xe3e src/clock.o
 .debug_macro   0x00012d85      0x363 src/clock.o
 .debug_macro   0x000130e8      0x141 src/clock.o
 .debug_macro   0x00013229       0xc6 src/clock.o
 .debug_macro   0x000132ef      0x25d src/clock.o
 .debug_macro   0x0001354c      0x23a src/clock.o
 .debug_macro   0x00013786      0x685 src/clock.o
 .debug_macro   0x00013e0b      0x16f src/clock.o
 .debug_macro   0x00013f7a      0x1fb src/clock.o
 .debug_macro   0x00014175       0xf0 src/clock.o
 .debug_macro   0x00014265       0x22 src/clock.o
 .debug_macro   0x00014287      0x117 src/clock.o
 .debug_macro   0x0001439e       0xac src/clock.o
 .debug_macro   0x0001444a      0x113 src/clock.o
 .debug_macro   0x0001455d      0x56c src/clock.o
 .debug_macro   0x00014ac9      0x225 src/clock.o
 .debug_macro   0x00014cee      0x199 src/clock.o
 .debug_macro   0x00014e87       0x79 src/clock.o
 .debug_macro   0x00014f00      0x3d7 src/clock.o
 .debug_macro   0x000152d7      0x129 src/clock.o
 .debug_macro   0x00015400       0x30 src/clock.o
 .debug_macro   0x00015430      0x1ed src/clock.o
 .debug_macro   0x0001561d       0x22 src/clock.o
 .debug_macro   0x0001563f      0x28e src/clock.o
 .debug_macro   0x000158cd      0x5d6 src/clock.o
 .debug_macro   0x00015ea3      0x1ed src/clock.o
 .debug_macro   0x00016090       0x1c src/clock.o
 .debug_macro   0x000160ac      0x757 src/clock.o
 .debug_macro   0x00016803       0xac src/clock.o
 .debug_macro   0x000168af      0x287 src/clock.o
 .debug_macro   0x00016b36      0x233 src/clock.o
 .debug_macro   0x00016d69      0x1c3 src/clock.o
 .debug_macro   0x00016f2c      0x2f7 src/clock.o
 .debug_macro   0x00017223       0x89 src/clock.o
 .debug_macro   0x000172ac      0x281 src/clock.o
 .debug_macro   0x0001752d      0x470 src/clock.o
 .debug_macro   0x0001799d      0x1a6 src/clock.o
 .debug_macro   0x00017b43      0x12d src/clock.o
 .debug_macro   0x00017c70      0x156 src/clock.o
 .debug_macro   0x00017dc6       0xd8 src/clock.o
 .debug_macro   0x00017e9e      0x32c src/clock.o
 .debug_macro   0x000181ca      0x48b src/clock.o
 .debug_macro   0x00018655      0x1a7 src/clock.o
 .debug_macro   0x000187fc       0x2a src/clock.o
 .debug_macro   0x00018826       0x10 src/clock.o
 .debug_macro   0x00018836      0x4c4 src/cmd.o
 .debug_macro   0x00018cfa       0x4c src/cmd.o
 .debug_macro   0x00018d46       0x2e src/cmd.o
 .debug_macro   0x00018d74      0x10b src/cmd.o
 .debug_macro   0x00018e7f      0x457 src/eprintf.o
 .debug_macro   0x000192d6       0x58 src/eprintf.o
 .debug_macro   0x0001932e      0x466 src/gpio.o
 .debug_macro   0x00019794      0x48e src/led.o
 .debug_macro   0x00019c22      0x48d src/main.o
 .debug_macro   0x0001a0af      0x470 src/stm32l1xx_it.o
 .debug_macro   0x0001a51f      0x40c src/system_stm32l1xx.o
 .debug_macro   0x0001a92b      0x472 src/uart.o
 .debug_macro   0x0001ad9d      0x42a C:\Users\Matthew\Desktop\Fall\Embedded\nucleo-l152re_hal_lib\Debug\libnucleo-l152re_hal_lib.a(stm32l1xx_hal.o)
 .debug_macro   0x0001b1c7      0x8b6 C:\Users\Matthew\Desktop\Fall\Embedded\nucleo-l152re_hal_lib\Debug\libnucleo-l152re_hal_lib.a(stm32l1xx_hal.o)
 .debug_macro   0x0001ba7d       0x2e C:\Users\Matthew\Desktop\Fall\Embedded\nucleo-l152re_hal_lib\Debug\libnucleo-l152re_hal_lib.a(stm32l1xx_hal.o)
 .debug_macro   0x0001baab      0x406 C:\Users\Matthew\Desktop\Fall\Embedded\nucleo-l152re_hal_lib\Debug\libnucleo-l152re_hal_lib.a(stm32l1xx_hal_cortex.o)
 .debug_macro   0x0001beb1      0x4af C:\Users\Matthew\Desktop\Fall\Embedded\nucleo-l152re_hal_lib\Debug\libnucleo-l152re_hal_lib.a(stm32l1xx_ll_utils.o)
 .debug_macro   0x0001c360      0x326 C:\Users\Matthew\Desktop\Fall\Embedded\nucleo-l152re_hal_lib\Debug\libnucleo-l152re_hal_lib.a(stm32l1xx_ll_utils.o)

.debug_line     0x00000000     0x9508
 .debug_line    0x00000000      0xcc1 src/clock.o
 .debug_line    0x00000cc1      0xddc src/cmd.o
 .debug_line    0x00001a9d      0xd69 src/eprintf.o
 .debug_line    0x00002806      0xbaa src/gpio.o
 .debug_line    0x000033b0      0xc02 src/led.o
 .debug_line    0x00003fb2      0xb99 src/main.o
 .debug_line    0x00004b4b      0xbd3 src/stm32l1xx_it.o
 .debug_line    0x0000571e      0xa2c src/system_stm32l1xx.o
 .debug_line    0x0000614a      0xdf4 src/uart.o
 .debug_line    0x00006f3e       0x7d startup/startup_stm32l152xe.o
 .debug_line    0x00006fbb      0xb59 C:\Users\Matthew\Desktop\Fall\Embedded\nucleo-l152re_hal_lib\Debug\libnucleo-l152re_hal_lib.a(stm32l1xx_hal.o)
 .debug_line    0x00007b14      0xd0f C:\Users\Matthew\Desktop\Fall\Embedded\nucleo-l152re_hal_lib\Debug\libnucleo-l152re_hal_lib.a(stm32l1xx_hal_cortex.o)
 .debug_line    0x00008823      0xce5 C:\Users\Matthew\Desktop\Fall\Embedded\nucleo-l152re_hal_lib\Debug\libnucleo-l152re_hal_lib.a(stm32l1xx_ll_utils.o)

.debug_str      0x00000000    0xadafc
 .debug_str     0x00000000    0xaafd9 src/clock.o
                              0xab7c6 (size before relaxing)
 .debug_str     0x000aafd9      0xd25 src/cmd.o
                              0xac245 (size before relaxing)
 .debug_str     0x000abcfe      0x20c src/eprintf.o
                              0xab776 (size before relaxing)
 .debug_str     0x000abf0a       0x4a src/gpio.o
                              0xab7b6 (size before relaxing)
 .debug_str     0x000abf54      0x104 src/led.o
                              0xab7ff (size before relaxing)
 .debug_str     0x000ac058       0x13 src/main.o
                              0xab911 (size before relaxing)
 .debug_str     0x000ac06b       0xba src/stm32l1xx_it.o
                              0xab7e0 (size before relaxing)
 .debug_str     0x000ac125       0xd0 src/system_stm32l1xx.o
                              0xa5ae5 (size before relaxing)
 .debug_str     0x000ac1f5      0x5ef src/uart.o
                              0xabf55 (size before relaxing)
 .debug_str     0x000ac7e4      0x2e7 C:\Users\Matthew\Desktop\Fall\Embedded\nucleo-l152re_hal_lib\Debug\libnucleo-l152re_hal_lib.a(stm32l1xx_hal.o)
                              0xa611e (size before relaxing)
 .debug_str     0x000acacb      0x35d C:\Users\Matthew\Desktop\Fall\Embedded\nucleo-l152re_hal_lib\Debug\libnucleo-l152re_hal_lib.a(stm32l1xx_hal_cortex.o)
                              0xa625c (size before relaxing)
 .debug_str     0x000ace28      0xcd4 C:\Users\Matthew\Desktop\Fall\Embedded\nucleo-l152re_hal_lib\Debug\libnucleo-l152re_hal_lib.a(stm32l1xx_ll_utils.o)
                              0xa9c4e (size before relaxing)

.comment        0x00000000       0x7f
 .comment       0x00000000       0x7f src/clock.o
                                 0x80 (size before relaxing)
 .comment       0x0000007f       0x80 src/cmd.o
 .comment       0x0000007f       0x80 src/eprintf.o
 .comment       0x0000007f       0x80 src/gpio.o
 .comment       0x0000007f       0x80 src/led.o
 .comment       0x0000007f       0x80 src/main.o
 .comment       0x0000007f       0x80 src/stm32l1xx_it.o
 .comment       0x0000007f       0x80 src/system_stm32l1xx.o
 .comment       0x0000007f       0x80 src/uart.o
 .comment       0x0000007f       0x80 C:\Users\Matthew\Desktop\Fall\Embedded\nucleo-l152re_hal_lib\Debug\libnucleo-l152re_hal_lib.a(stm32l1xx_hal.o)
 .comment       0x0000007f       0x80 C:\Users\Matthew\Desktop\Fall\Embedded\nucleo-l152re_hal_lib\Debug\libnucleo-l152re_hal_lib.a(stm32l1xx_hal_cortex.o)
 .comment       0x0000007f       0x80 C:\Users\Matthew\Desktop\Fall\Embedded\nucleo-l152re_hal_lib\Debug\libnucleo-l152re_hal_lib.a(stm32l1xx_ll_utils.o)

.debug_frame    0x00000000     0x1998
 .debug_frame   0x00000000      0x26c src/clock.o
 .debug_frame   0x0000026c      0x17c src/cmd.o
 .debug_frame   0x000003e8       0x98 src/eprintf.o
 .debug_frame   0x00000480       0xa4 src/gpio.o
 .debug_frame   0x00000524      0x154 src/led.o
 .debug_frame   0x00000678       0x54 src/main.o
 .debug_frame   0x000006cc       0xe8 src/stm32l1xx_it.o
 .debug_frame   0x000007b4       0x58 src/system_stm32l1xx.o
 .debug_frame   0x0000080c      0x3d8 src/uart.o
 .debug_frame   0x00000be4      0x270 C:\Users\Matthew\Desktop\Fall\Embedded\nucleo-l152re_hal_lib\Debug\libnucleo-l152re_hal_lib.a(stm32l1xx_hal.o)
 .debug_frame   0x00000e54      0x498 C:\Users\Matthew\Desktop\Fall\Embedded\nucleo-l152re_hal_lib\Debug\libnucleo-l152re_hal_lib.a(stm32l1xx_hal_cortex.o)
 .debug_frame   0x000012ec      0x3f8 C:\Users\Matthew\Desktop\Fall\Embedded\nucleo-l152re_hal_lib\Debug\libnucleo-l152re_hal_lib.a(stm32l1xx_ll_utils.o)
 .debug_frame   0x000016e4       0x2c c:/ac6/systemworkbench/plugins/fr.ac6.mcu.externaltools.arm-none.win32_1.15.0.201708311556/tools/compiler/bin/../lib/gcc/arm-none-eabi/6.3.1/../../../../arm-none-eabi/lib/thumb/v7-m\libc.a(lib_a-init.o)
 .debug_frame   0x00001710       0x6c c:/ac6/systemworkbench/plugins/fr.ac6.mcu.externaltools.arm-none.win32_1.15.0.201708311556/tools/compiler/bin/../lib/gcc/arm-none-eabi/6.3.1/../../../../arm-none-eabi/lib/thumb/v7-m\libc.a(lib_a-locale.o)
 .debug_frame   0x0000177c       0x4c c:/ac6/systemworkbench/plugins/fr.ac6.mcu.externaltools.arm-none.win32_1.15.0.201708311556/tools/compiler/bin/../lib/gcc/arm-none-eabi/6.3.1/../../../../arm-none-eabi/lib/thumb/v7-m\libc.a(lib_a-mbtowc_r.o)
 .debug_frame   0x000017c8       0x3c c:/ac6/systemworkbench/plugins/fr.ac6.mcu.externaltools.arm-none.win32_1.15.0.201708311556/tools/compiler/bin/../lib/gcc/arm-none-eabi/6.3.1/../../../../arm-none-eabi/lib/thumb/v7-m\libc.a(lib_a-wctomb_r.o)
 .debug_frame   0x00001804       0x5c c:/ac6/systemworkbench/plugins/fr.ac6.mcu.externaltools.arm-none.win32_1.15.0.201708311556/tools/compiler/bin/../lib/gcc/arm-none-eabi/6.3.1/../../../../arm-none-eabi/lib/thumb/v7-m\libc.a(lib_a-__call_atexit.o)
 .debug_frame   0x00001860       0x20 c:/ac6/systemworkbench/plugins/fr.ac6.mcu.externaltools.arm-none.win32_1.15.0.201708311556/tools/compiler/bin/../lib/gcc/arm-none-eabi/6.3.1/../../../../arm-none-eabi/lib/thumb/v7-m\libc.a(lib_a-atexit.o)
 .debug_frame   0x00001880       0x34 c:/ac6/systemworkbench/plugins/fr.ac6.mcu.externaltools.arm-none.win32_1.15.0.201708311556/tools/compiler/bin/../lib/gcc/arm-none-eabi/6.3.1/../../../../arm-none-eabi/lib/thumb/v7-m\libc.a(lib_a-fini.o)
 .debug_frame   0x000018b4       0xb0 c:/ac6/systemworkbench/plugins/fr.ac6.mcu.externaltools.arm-none.win32_1.15.0.201708311556/tools/compiler/bin/../lib/gcc/arm-none-eabi/6.3.1/../../../../arm-none-eabi/lib/thumb/v7-m\libc.a(lib_a-lock.o)
 .debug_frame   0x00001964       0x34 c:/ac6/systemworkbench/plugins/fr.ac6.mcu.externaltools.arm-none.win32_1.15.0.201708311556/tools/compiler/bin/../lib/gcc/arm-none-eabi/6.3.1/../../../../arm-none-eabi/lib/thumb/v7-m\libc.a(lib_a-__atexit.o)
